2024-05-02 14:02:06.033644 test_function_error_file error (0:00:00). Inputs: (), {}
